m24sr.c:292:17:M24SR_UpdateCrc	16	static
m24sr.c:307:17:M24SR_ComputeCrc	24	static
m24sr.c:330:17:M24SR_IsCorrectCRC16Residue	24	static
m24sr.c:368:13:M24SR_BuildIBlockCommand	32	static
m24sr.c:444:17:IsSBlock	16	static
m24sr.c:465:17:M24SR_FWTExtension	32	static
m24sr.c:517:6:M24SR_Init	16	static
m24sr.c:556:6:M24SR_GPO_Callback	8	static
m24sr.c:571:10:M24SR_GetSession	24	static
m24sr.c:597:10:M24SR_KillSession	24	static
m24sr.c:622:10:M24SR_Deselect	24	static
m24sr.c:653:10:M24SR_SelectApplication	56	static
m24sr.c:706:10:M24SR_SelectCCfile	48	static
m24sr.c:757:10:M24SR_SelectSystemfile	48	static
m24sr.c:809:10:M24SR_SelectNDEFfile	48	static
m24sr.c:862:10:M24SR_ReadBinary	48	static
m24sr.c:911:10:M24SR_STReadBinary	48	static
m24sr.c:960:10:M24SR_UpdateBinary	56	static
m24sr.c:1022:10:M24SR_Verify	48	static
m24sr.c:1092:10:M24SR_ChangeReferenceData	40	static
m24sr.c:1148:10:M24SR_EnableVerificationRequirement	40	static
m24sr.c:1200:10:M24SR_DisableVerificationRequirement	40	static
m24sr.c:1252:10:M24SR_EnablePermanentState	40	static
m24sr.c:1303:10:M24SR_DisablePermanentState	40	static
m24sr.c:1352:10:M24SR_SendInterrupt	48	static
m24sr.c:1400:10:M24SR_StateControl	48	static
m24sr.c:1456:10:M24SR_ManageI2CGPO	48	static
m24sr.c:1503:10:M24SR_ManageRFGPO	48	static
m24sr.c:1534:17:M24SR_IsAnswerReady	24	static
m24sr.c:1594:6:M24SR_RFConfig	16	static
m24sr.c:1612:13:M24SR_SetI2CSynchroMode	16	static
