stm32l475e_iot01.c:361:13:I2Cx_MspInit	48	static
stm32l475e_iot01.c:403:13:I2Cx_MspDeInit	40	static
stm32l475e_iot01.c:422:13:I2Cx_Init	16	static
stm32l475e_iot01.c:447:13:I2Cx_DeInit	16	static
stm32l475e_iot01.c:463:26:I2Cx_ReadMultiple	48	static
stm32l475e_iot01.c:489:26:I2Cx_WriteMultiple	48	static
stm32l475e_iot01.c:512:26:I2Cx_IsDeviceReady	24	static
stm32l475e_iot01.c:523:13:I2Cx_Error	16	static
stm32l475e_iot01.c:545:6:SENSOR_IO_Init	8	static
stm32l475e_iot01.c:554:6:SENSOR_IO_DeInit	8	static
stm32l475e_iot01.c:566:6:SENSOR_IO_Write	24	static
stm32l475e_iot01.c:577:9:SENSOR_IO_Read	32	static
stm32l475e_iot01.c:595:10:SENSOR_IO_ReadMultiple	24	static
stm32l475e_iot01.c:609:6:SENSOR_IO_WriteMultiple	24	static
stm32l475e_iot01.c:621:19:SENSOR_IO_IsDeviceReady	16	static
stm32l475e_iot01.c:631:6:SENSOR_IO_Delay	16	static
stm32l475e_iot01.c:643:6:NFC_IO_Init	40	static
stm32l475e_iot01.c:685:6:NFC_IO_DeInit	8	static
stm32l475e_iot01.c:697:10:NFC_IO_ReadMultiple	32	static
stm32l475e_iot01.c:723:11:NFC_IO_WriteMultiple	32	static
stm32l475e_iot01.c:748:12:NFC_IO_IsDeviceReady	32	static
stm32l475e_iot01.c:776:6:NFC_IO_ReadState	16	static
stm32l475e_iot01.c:785:6:NFC_IO_RfDisable	16	static
stm32l475e_iot01.c:795:6:NFC_IO_Delay	16	static
