main.c:153:6:f_Temperature	16	static
main.c:181:6:f_Humidity	16	static
main.c:205:6:f_Pressure	16	static
main.c:230:6:f_ACCELEROMETER	16	static
main.c:271:6:f_GYRO	48	static
main.c:318:6:f_MAGNETOMETERR	16	static
main.c:363:6:f_cur_mov	8	static
main.c:380:6:f_cur_sel	4	static
main.c:423:5:f_Switch	8	static
main.c:497:5:f_Menu	8	static
main.c:507:5:f_Invalid	8	static
main.c:528:5:main	8	static
main.c:674:6:SystemClock_Config	96	static
main.c:723:13:MX_I2C2_Init	8	static
main.c:769:13:MX_TIM16_Init	8	static
main.c:801:13:MX_TIM17_Init	8	static
main.c:833:13:MX_UART4_Init	8	static
main.c:868:13:MX_USART1_UART_Init	8	static
main.c:903:13:MX_GPIO_Init	48	static
main.c:1127:6:HAL_UART_RxCpltCallback	16	static
main.c:1146:6:HAL_TIM_PeriodElapsedCallback	16	static
main.c:1168:6:Error_Handler	4	static,ignoring_inline_asm
