main.c:125:7:f_Temperature	40	static
main.c:122:5:main	16	static
main.c:136:7:f_Humidity	40	static
main.c:147:7:f_Pressure	40	static
main.c:160:7:f_ACCELEROMETER	16	static
main.c:172:7:f_Menu	16	static
main.c:177:7:f_Invalid	16	static
main.c:323:6:SystemClock_Config	96	static
main.c:372:13:MX_I2C2_Init	8	static
main.c:418:13:MX_UART4_Init	8	static
main.c:453:13:MX_USART1_UART_Init	8	static
main.c:488:13:MX_GPIO_Init	48	static
main.c:712:6:HAL_UART_RxCpltCallback	16	static
main.c:752:6:Error_Handler	4	static,ignoring_inline_asm
