main.c:112:6:f_Delay	16	static
main.c:120:6:f_Temperature	16	static
main.c:141:6:f_Humidity	16	static
main.c:161:6:f_Pressure	16	static
main.c:183:6:f_ACCELEROMETER	8	static
main.c:218:6:f_Menu	8	static
main.c:225:6:f_Invalid	8	static
main.c:238:5:main	8	static
main.c:364:6:SystemClock_Config	96	static
main.c:413:13:MX_I2C2_Init	8	static
main.c:459:13:MX_TIM16_Init	8	static
main.c:491:13:MX_UART4_Init	8	static
main.c:526:13:MX_USART1_UART_Init	8	static
main.c:561:13:MX_GPIO_Init	48	static
main.c:785:6:HAL_UART_RxCpltCallback	16	static
main.c:809:6:Error_Handler	4	static,ignoring_inline_asm
