main.c:113:6:f_Temperature	16	static
main.c:141:6:f_Humidity	16	static
main.c:165:6:f_Pressure	16	static
main.c:190:6:f_ACCELEROMETER	8	static
main.c:229:5:f_Menu	8	static
main.c:237:6:f_Invalid	8	static
main.c:253:5:main	8	static
main.c:382:6:SystemClock_Config	96	static
main.c:431:13:MX_I2C2_Init	8	static
main.c:477:13:MX_TIM16_Init	8	static
main.c:509:13:MX_UART4_Init	8	static
main.c:544:13:MX_USART1_UART_Init	8	static
main.c:579:13:MX_GPIO_Init	48	static
main.c:803:6:HAL_UART_RxCpltCallback	16	static
main.c:822:6:HAL_TIM_PeriodElapsedCallback	16	static
main.c:838:6:Error_Handler	4	static,ignoring_inline_asm
