main.c:107:6:f_Temperature	16	static
main.c:127:6:f_Humidity	16	static
main.c:146:6:f_Pressure	16	static
main.c:168:6:f_ACCELEROMETER	8	static
main.c:203:6:f_Menu	8	static
main.c:210:6:f_Invalid	8	static
main.c:223:5:main	8	static
main.c:346:6:SystemClock_Config	96	static
main.c:395:13:MX_I2C2_Init	8	static
main.c:441:13:MX_UART4_Init	8	static
main.c:476:13:MX_USART1_UART_Init	8	static
main.c:511:13:MX_GPIO_Init	48	static
main.c:735:6:HAL_UART_RxCpltCallback	16	static
main.c:759:6:Error_Handler	4	static,ignoring_inline_asm
