main.c:153:6:f_Temperature	16	static
main.c:181:6:f_Humidity	16	static
main.c:205:6:f_Pressure	16	static
main.c:230:6:f_ACCELEROMETER	8	static
main.c:269:6:f_GYRO	16	static
main.c:311:6:f_MAGNETOMETERR	8	static
main.c:352:6:f_cur_mov	8	static
main.c:369:6:f_cur_sel	4	static
main.c:412:5:f_Switch	8	static
main.c:492:5:f_Menu	8	static
main.c:501:5:f_Invalid	8	static
main.c:522:5:main	8	static
main.c:671:6:SystemClock_Config	96	static
main.c:720:13:MX_I2C2_Init	8	static
main.c:766:13:MX_TIM16_Init	8	static
main.c:798:13:MX_TIM17_Init	8	static
main.c:830:13:MX_UART4_Init	8	static
main.c:865:13:MX_USART1_UART_Init	8	static
main.c:900:13:MX_GPIO_Init	48	static
main.c:1124:6:HAL_UART_RxCpltCallback	16	static
main.c:1143:6:HAL_TIM_PeriodElapsedCallback	16	static
main.c:1165:6:Error_Handler	4	static,ignoring_inline_asm
