main.c:109:6:f_Temperature	16	static
main.c:130:6:f_Humidity	16	static
main.c:150:6:f_Pressure	16	static
main.c:173:6:f_ACCELEROMETER	8	static
main.c:210:6:f_Menu	8	static
main.c:217:6:f_Invalid	8	static
main.c:230:5:main	8	static
main.c:362:6:SystemClock_Config	96	static
main.c:411:13:MX_I2C2_Init	8	static
main.c:457:13:MX_UART4_Init	8	static
main.c:492:13:MX_USART1_UART_Init	8	static
main.c:527:13:MX_GPIO_Init	48	static
main.c:751:6:HAL_UART_RxCpltCallback	16	static
main.c:775:6:Error_Handler	4	static,ignoring_inline_asm
