main.c:119:7:f_Temperature	24	static
main.c:114:5:main	16	static
main.c:138:7:f_Humidity	24	static
main.c:156:7:f_Pressure	24	static
main.c:177:7:f_ACCELEROMETER	16	static
main.c:210:7:f_Menu	16	static
main.c:217:7:f_Invalid	16	static
main.c:340:6:SystemClock_Config	96	static
main.c:389:13:MX_I2C2_Init	8	static
main.c:435:13:MX_UART4_Init	8	static
main.c:470:13:MX_USART1_UART_Init	8	static
main.c:505:13:MX_GPIO_Init	48	static
main.c:729:6:HAL_UART_RxCpltCallback	16	static
main.c:753:6:Error_Handler	4	static,ignoring_inline_asm
