main.c:112:6:f_Temperature	16	static
main.c:140:6:f_Humidity	16	static
main.c:164:6:f_Pressure	16	static
main.c:189:6:f_ACCELEROMETER	8	static
main.c:228:5:f_Menu	8	static
main.c:236:6:f_Invalid	8	static
main.c:255:5:main	8	static
main.c:384:6:SystemClock_Config	96	static
main.c:433:13:MX_I2C2_Init	8	static
main.c:479:13:MX_TIM16_Init	8	static
main.c:511:13:MX_UART4_Init	8	static
main.c:546:13:MX_USART1_UART_Init	8	static
main.c:581:13:MX_GPIO_Init	48	static
main.c:805:6:HAL_UART_RxCpltCallback	16	static
main.c:824:6:HAL_TIM_PeriodElapsedCallback	16	static
main.c:839:6:Error_Handler	4	static,ignoring_inline_asm
