main.c:153:6:f_Temperature	16	static
main.c:181:6:f_Humidity	16	static
main.c:205:6:f_Pressure	16	static
main.c:230:6:f_ACCELEROMETER	16	static
main.c:257:6:f_GYRO	48	static
main.c:283:6:f_MAGNETOMETERR	16	static
main.c:313:6:f_cur_mov	8	static
main.c:331:6:f_cur_sel	4	static
main.c:370:5:f_Switch	8	static
main.c:448:5:f_Menu	8	static
main.c:460:5:f_Invalid	8	static
main.c:479:5:main	8	static
main.c:631:6:SystemClock_Config	96	static
main.c:680:13:MX_I2C2_Init	8	static
main.c:726:13:MX_TIM16_Init	8	static
main.c:758:13:MX_TIM17_Init	8	static
main.c:790:13:MX_UART4_Init	8	static
main.c:825:13:MX_USART1_UART_Init	8	static
main.c:860:13:MX_GPIO_Init	48	static
main.c:1084:6:HAL_UART_RxCpltCallback	16	static
main.c:1103:6:HAL_TIM_PeriodElapsedCallback	16	static
main.c:1125:6:Error_Handler	4	static,ignoring_inline_asm
