main.c:120:6:f_Temperature	16	static
main.c:148:6:f_Humidity	16	static
main.c:172:6:f_Pressure	16	static
main.c:197:6:f_ACCELEROMETER	8	static
main.c:236:6:f_GYRO	16	static
main.c:278:6:f_MAGNETOMETERR	8	static
main.c:318:5:f_Menu	8	static
main.c:326:6:f_Invalid	8	static
main.c:340:5:main	8	static
main.c:480:6:SystemClock_Config	96	static
main.c:529:13:MX_I2C2_Init	8	static
main.c:575:13:MX_TIM16_Init	8	static
main.c:607:13:MX_UART4_Init	8	static
main.c:642:13:MX_USART1_UART_Init	8	static
main.c:677:13:MX_GPIO_Init	48	static
main.c:901:6:HAL_UART_RxCpltCallback	16	static
main.c:920:6:HAL_TIM_PeriodElapsedCallback	16	static
main.c:935:6:Error_Handler	4	static,ignoring_inline_asm
