main.c:125:6:f_Temperature	16	static
main.c:153:6:f_Humidity	16	static
main.c:177:6:f_Pressure	16	static
main.c:202:6:f_ACCELEROMETER	8	static
main.c:241:6:f_GYRO	16	static
main.c:283:6:f_MAGNETOMETERR	8	static
main.c:323:5:f_Menu	8	static
main.c:331:6:f_Invalid	8	static
main.c:345:5:main	8	static
main.c:489:6:SystemClock_Config	96	static
main.c:538:13:MX_I2C2_Init	8	static
main.c:584:13:MX_TIM16_Init	8	static
main.c:616:13:MX_UART4_Init	8	static
main.c:651:13:MX_USART1_UART_Init	8	static
main.c:686:13:MX_GPIO_Init	48	static
main.c:910:6:HAL_UART_RxCpltCallback	16	static
main.c:929:6:HAL_TIM_PeriodElapsedCallback	16	static
main.c:949:6:Error_Handler	4	static,ignoring_inline_asm
