main.c:284:13:EMAILwrite_demo	1000	static
main.c:316:13:EMAILread_demo	992	static
main.c:343:13:URIwrite_demo	496	static
main.c:364:13:URIread_demo	496	static
main.c:393:13:Vcardwrite_demo2	768	static
main.c:435:13:Vcardread_demo2	768	static
main.c:463:13:SMSwrite_demo	848	static
main.c:495:13:SMSread_demo	840	static
main.c:521:13:AARwrite_demo	104	static
main.c:551:6:Proximity_Test	8	static
main.c:568:13:VL53L0X_PROXIMITY_Init	496	static
main.c:611:17:VL53L0X_PROXIMITY_GetDistance	40	static
main.c:625:13:VL53L0X_PROXIMITY_MspInit	8	static
main.c:643:6:f_Temperature	16	static
main.c:671:6:f_Humidity	16	static
main.c:695:6:f_Pressure	16	static
main.c:720:6:f_ACCELEROMETER	16	static
main.c:747:6:f_GYRO	48	static
main.c:773:6:f_MAGNETOMETERR	16	static
main.c:803:6:f_cur_mov	8	static
main.c:821:6:f_cur_sel	4	static
main.c:926:5:f_Menu	8	static
main.c:938:5:f_Switch	8	static
main.c:1016:5:f_Invalid	8	static
main.c:1036:5:main	8	static
main.c:1307:6:SystemClock_Config	96	static
main.c:1356:13:MX_I2C2_Init	8	static
main.c:1402:13:MX_TIM16_Init	8	static
main.c:1434:13:MX_TIM17_Init	8	static
main.c:1466:13:MX_UART4_Init	8	static
main.c:1501:13:MX_USART1_UART_Init	8	static
main.c:1536:13:MX_GPIO_Init	48	static
main.c:1767:6:HAL_UART_RxCpltCallback	16	static
main.c:1786:6:HAL_TIM_PeriodElapsedCallback	16	static
main.c:1811:6:HAL_GPIO_EXTI_Callback	16	static
main.c:1824:6:Error_Handler	4	static,ignoring_inline_asm
