main.c:311:6:f_NFC	8	static
main.c:323:6:f_NFC_D	8	static
main.c:328:6:f_NFC_W	8	static
main.c:340:6:f_NFC_R	8	static
main.c:355:13:EMAILwrite_demo	1000	static
main.c:392:13:EMAILread_demo	992	static
main.c:428:13:URLwrite_demo	496	static
main.c:448:13:URLread_demo	496	static
main.c:476:13:Vcardwrite_demo2	768	static
main.c:517:13:Vcardread_demo2	768	static
main.c:544:13:SMSwrite_demo	848	static
main.c:576:13:SMSread_demo	840	static
main.c:601:13:AARwrite_demo	104	static
main.c:630:6:Proximity_Test	8	static
main.c:647:13:VL53L0X_PROXIMITY_Init	496	static
main.c:690:17:VL53L0X_PROXIMITY_GetDistance	40	static
main.c:704:13:VL53L0X_PROXIMITY_MspInit	8	static
main.c:722:6:f_Temperature	16	static
main.c:750:6:f_Humidity	16	static
main.c:774:6:f_Pressure	16	static
main.c:799:6:f_ACCELEROMETER	16	static
main.c:826:6:f_GYRO	48	static
main.c:852:6:f_MAGNETOMETERR	16	static
main.c:882:6:f_cur_mov	8	static
main.c:930:6:f_cur_sel	4	static
main.c:1053:5:f_Menu	8	static
main.c:1071:5:f_Switch	8	static
main.c:1149:5:f_Invalid	8	static
main.c:1169:5:main	8	static
main.c:1483:6:SystemClock_Config	96	static
main.c:1532:13:MX_I2C2_Init	8	static
main.c:1578:13:MX_TIM16_Init	8	static
main.c:1610:13:MX_TIM17_Init	8	static
main.c:1642:13:MX_UART4_Init	8	static
main.c:1677:13:MX_USART1_UART_Init	8	static
main.c:1712:13:MX_GPIO_Init	48	static
main.c:1943:6:HAL_UART_RxCpltCallback	16	static
main.c:1962:6:HAL_TIM_PeriodElapsedCallback	16	static
main.c:1987:6:HAL_GPIO_EXTI_Callback	16	static
main.c:2000:6:Error_Handler	4	static,ignoring_inline_asm
