main.c:167:6:Proximity_Test	8	static
main.c:184:13:VL53L0X_PROXIMITY_Init	496	static
main.c:227:17:VL53L0X_PROXIMITY_GetDistance	40	static
main.c:241:13:VL53L0X_PROXIMITY_MspInit	8	static
main.c:262:6:f_Temperature	16	static
main.c:290:6:f_Humidity	16	static
main.c:314:6:f_Pressure	16	static
main.c:339:6:f_ACCELEROMETER	16	static
main.c:366:6:f_GYRO	48	static
main.c:392:6:f_MAGNETOMETERR	16	static
main.c:422:6:f_cur_mov	8	static
main.c:440:6:f_cur_sel	4	static
main.c:483:5:f_Switch	8	static
main.c:561:5:f_Menu	8	static
main.c:573:5:f_Invalid	8	static
main.c:592:5:main	8	static
main.c:751:6:SystemClock_Config	96	static
main.c:800:13:MX_I2C2_Init	8	static
main.c:846:13:MX_TIM16_Init	8	static
main.c:878:13:MX_TIM17_Init	8	static
main.c:910:13:MX_UART4_Init	8	static
main.c:945:13:MX_USART1_UART_Init	8	static
main.c:980:13:MX_GPIO_Init	48	static
main.c:1211:6:HAL_UART_RxCpltCallback	16	static
main.c:1230:6:HAL_TIM_PeriodElapsedCallback	16	static
main.c:1253:6:Error_Handler	4	static,ignoring_inline_asm
