main.c:311:6:f_NFC	8	static
main.c:323:6:f_NFC_D	8	static
main.c:340:6:f_NFC_W	8	static
main.c:352:6:f_NFC_R	8	static
main.c:367:13:EMAILwrite_demo	1000	static
main.c:397:13:EMAILread_demo	984	static
main.c:422:13:URLwrite_demo	496	static
main.c:447:13:URLread_demo	496	static
main.c:479:13:Vcardwrite_demo2	768	static
main.c:521:13:Vcardread_demo2	768	static
main.c:552:13:SMSwrite_demo	848	static
main.c:580:13:SMSread_demo	840	static
main.c:605:13:AARwrite_demo	104	static
main.c:634:6:Proximity_Test	8	static
main.c:651:13:VL53L0X_PROXIMITY_Init	496	static
main.c:694:17:VL53L0X_PROXIMITY_GetDistance	40	static
main.c:708:13:VL53L0X_PROXIMITY_MspInit	8	static
main.c:726:6:f_Temperature	16	static
main.c:752:6:f_Humidity	16	static
main.c:775:6:f_Pressure	16	static
main.c:798:6:f_ACCELEROMETER	16	static
main.c:823:6:f_GYRO	48	static
main.c:848:6:f_MAGNETOMETERR	16	static
main.c:876:6:f_cur_mov	8	static
main.c:924:6:f_cur_sel	4	static
main.c:1057:5:f_Menu	8	static
main.c:1075:5:f_Switch	8	static
main.c:1153:5:f_Invalid	8	static
main.c:1173:5:main	8	static
main.c:1503:6:SystemClock_Config	96	static
main.c:1552:13:MX_I2C2_Init	8	static
main.c:1598:13:MX_TIM16_Init	8	static
main.c:1630:13:MX_TIM17_Init	8	static
main.c:1662:13:MX_USART1_UART_Init	8	static
main.c:1697:13:MX_GPIO_Init	48	static
main.c:1942:6:HAL_UART_RxCpltCallback	16	static
main.c:1961:6:HAL_TIM_PeriodElapsedCallback	16	static
main.c:1987:6:HAL_GPIO_EXTI_Callback	16	static
main.c:2003:6:Error_Handler	4	static,ignoring_inline_asm
