main.c:115:6:f_Temperature	16	static
main.c:140:6:f_Humidity	16	static
main.c:162:6:f_Pressure	16	static
main.c:185:6:f_ACCELEROMETER	8	static
main.c:222:5:f_Menu	8	static
main.c:230:5:f_Invalid	8	static
main.c:245:5:main	8	static
main.c:374:6:SystemClock_Config	96	static
main.c:423:13:MX_I2C2_Init	8	static
main.c:469:13:MX_TIM16_Init	8	static
main.c:501:13:MX_UART4_Init	8	static
main.c:536:13:MX_USART1_UART_Init	8	static
main.c:571:13:MX_GPIO_Init	48	static
main.c:795:6:HAL_UART_RxCpltCallback	16	static
main.c:814:6:HAL_TIM_PeriodElapsedCallback	16	static
main.c:829:6:Error_Handler	4	static,ignoring_inline_asm
