main.c:132:6:f_Temperature	16	static
main.c:160:6:f_Humidity	16	static
main.c:184:6:f_Pressure	16	static
main.c:209:6:f_ACCELEROMETER	8	static
main.c:248:6:f_GYRO	16	static
main.c:290:6:f_MAGNETOMETERR	8	static
main.c:330:5:f_Menu	8	static
main.c:338:5:f_Invalid	8	static
main.c:359:5:main	8	static
main.c:502:6:SystemClock_Config	96	static
main.c:551:13:MX_I2C2_Init	8	static
main.c:597:13:MX_TIM16_Init	8	static
main.c:629:13:MX_UART4_Init	8	static
main.c:664:13:MX_USART1_UART_Init	8	static
main.c:699:13:MX_GPIO_Init	48	static
main.c:923:6:HAL_UART_RxCpltCallback	16	static
main.c:942:6:HAL_TIM_PeriodElapsedCallback	16	static
main.c:956:6:HAL_GPIO_EXTI_Callback	16	static,ignoring_inline_asm
main.c:984:6:Error_Handler	4	static,ignoring_inline_asm
