stm32l4xx_it.c:56:6:EXTI4_IRQHandler	8	static
stm32l4xx_it.c:75:6:NMI_Handler	4	static
stm32l4xx_it.c:90:6:HardFault_Handler	4	static
stm32l4xx_it.c:105:6:MemManage_Handler	4	static
stm32l4xx_it.c:120:6:BusFault_Handler	4	static
stm32l4xx_it.c:135:6:UsageFault_Handler	4	static
stm32l4xx_it.c:150:6:SVC_Handler	4	static
stm32l4xx_it.c:163:6:DebugMon_Handler	4	static
stm32l4xx_it.c:176:6:PendSV_Handler	4	static
stm32l4xx_it.c:189:6:SysTick_Handler	8	static
stm32l4xx_it.c:210:6:EXTI9_5_IRQHandler	8	static
stm32l4xx_it.c:227:6:TIM1_UP_TIM16_IRQHandler	8	static
stm32l4xx_it.c:241:6:USART1_IRQHandler	8	static
stm32l4xx_it.c:255:6:EXTI15_10_IRQHandler	8	static
